// Jest Snapshot v1, https://goo.gl/fbAQLP

exports[`<VideoCard /> should render and match the snapshot 1`] = `
<div
  className="overflow-hidden bg-transparent rounded-lg shadow-lg cursor-pointer"
  onClick={[Function]}
>
  <VideoPlayer
    isLightMode={true}
    url="yt.com/abc"
  />
  <VideoTitle
    showWatchBtn={true}
    title="Video Title"
    videoViewUrl="/watch/id"
  />
</div>
`;
