// Jest Snapshot v1, https://goo.gl/fbAQLP

exports[`<HomePage /> should render and match the snapshot 1`] = `
Array [
  "<Helmet />",
  <div
    className="text-gray-600 dark:text-gray-400"
  >
    <div
      className="grid gap-6 mb-8 sm:grid-cols-2 md:grid-cols-3"
    />
  </div>,
  <h1
    className="text-2xl"
  >
    clean code
  </h1>,
]
`;

exports[`<HomePage /> should render with render prop 1`] = `
Array [
  "<Helmet />",
  <div
    className="text-gray-600 dark:text-gray-400"
  >
    <div
      className="grid gap-6 mb-8 sm:grid-cols-2 md:grid-cols-3"
    />
  </div>,
  <h1
    className="text-2xl"
  >
    clean code
  </h1>,
]
`;
